
  .   ____          _            __ _ _
 /\\ / ___'_ __ _ _(_)_ __  __ _ \ \ \ \
( ( )\___ | '_ | '_| | '_ \/ _` | \ \ \ \
 \\/  ___)| |_)| | | | | || (_| |  ) ) ) )
  '  |____| .__|_| |_|_| |_\__, | / / / /
 =========|_|==============|___/=/_/_/_/
 :: Spring Boot ::                (v3.2.0)

2026-06-07 11:04:09 - Starting EverythingAppApplication v1.0.0 using Java 17.0.19 with PID 43588 (/home/finn/Dokumente/Projekte/Everything-app/Everything-app-backend/everything-app/target/everything-app-1.0.0.jar started by finn in /home/finn/Dokumente/Projekte/Everything-app/Everything-app-backend/everything-app)
2026-06-07 11:04:09 - Running with Spring Boot v3.2.0, Spring v6.1.1
2026-06-07 11:04:09 - The following 1 profile is active: "development"
2026-06-07 11:04:09 - Bootstrapping Spring Data JPA repositories in DEFAULT mode.
2026-06-07 11:04:10 - Finished Spring Data repository scanning in 57 ms. Found 21 JPA repository interfaces.
2026-06-07 11:04:10 - Tomcat initialized with port 8080 (http)
2026-06-07 11:04:10 - Starting service [Tomcat]
2026-06-07 11:04:10 - Starting Servlet engine: [Apache Tomcat/10.1.16]
2026-06-07 11:04:10 - Initializing Spring embedded WebApplicationContext
2026-06-07 11:04:10 - Root WebApplicationContext: initialization completed in 1073 ms
2026-06-07 11:04:10 - HHH000204: Processing PersistenceUnitInfo [name: default]
2026-06-07 11:04:10 - HHH000412: Hibernate ORM core version 6.3.1.Final
2026-06-07 11:04:10 - HHH000026: Second-level cache disabled
2026-06-07 11:04:10 - No LoadTimeWeaver setup: ignoring JPA class transformer
2026-06-07 11:04:10 - HikariPool-1 - Starting...
2026-06-07 11:04:11 - HikariPool-1 - Added connection org.postgresql.jdbc.PgConnection@15f861ee
2026-06-07 11:04:11 - HikariPool-1 - Start completed.
2026-06-07 11:04:11 - HHH90000025: PostgreSQLDialect does not need to be specified explicitly using 'hibernate.dialect' (remove the property setting and it will be selected by default)
2026-06-07 11:04:11 - HHH000489: No JTA platform available (set 'hibernate.transaction.jta.platform' to enable JTA platform integration)
2026-06-07 11:04:12 - Initialized JPA EntityManagerFactory for persistence unit 'default'
2026-06-07 11:04:12 - Filter 'jwtAuthenticationFilter' configured for use
2026-06-07 11:04:12 - Hibernate is in classpath; If applicable, HQL parser will be used.
2026-06-07 11:04:14 - spring.jpa.open-in-view is enabled by default. Therefore, database queries may be performed during view rendering. Explicitly configure spring.jpa.open-in-view to disable this warning
2026-06-07 11:04:14 - Will secure any request with [org.springframework.security.web.session.DisableEncodeUrlFilter@4e839570, org.springframework.security.web.context.request.async.WebAsyncManagerIntegrationFilter@1d87e100, org.springframework.security.web.context.SecurityContextHolderFilter@77e0ea9f, org.springframework.security.web.header.HeaderWriterFilter@6e858079, org.springframework.web.filter.CorsFilter@4a641b4f, org.springframework.security.web.authentication.logout.LogoutFilter@bd4dfe2, com.Finn.everything_app.security.JwtAuthenticationFilter@1cd4082a, org.springframework.security.web.savedrequest.RequestCacheAwareFilter@2021b349, org.springframework.security.web.servletapi.SecurityContextHolderAwareRequestFilter@5c4d43ee, org.springframework.security.web.authentication.AnonymousAuthenticationFilter@7f154816, org.springframework.security.web.session.SessionManagementFilter@185f8899, org.springframework.security.web.access.ExceptionTranslationFilter@10ab8b0d, org.springframework.security.web.access.intercept.AuthorizationFilter@68876a1a]
2026-06-07 11:04:14 - Tomcat started on port 8080 (http) with context path ''
2026-06-07 11:04:14 - Started EverythingAppApplication in 5.438 seconds (process running for 5.751)
==============================================
🚀 Everything App successfully started!
📍 API available at: http://localhost:8080/api
==============================================
2026-06-07 11:04:16 - Initializing Spring DispatcherServlet 'dispatcherServlet'
2026-06-07 11:04:16 - Initializing Servlet 'dispatcherServlet'
2026-06-07 11:04:16 - Completed initialization in 1 ms
2026-06-07 11:04:16 - Securing HEAD /api/users/me
2026-06-07 11:04:16 - Set SecurityContextHolder to anonymous SecurityContext
2026-06-07 11:04:16 - Cache miss for REQUEST dispatch to '/api/users/me' (previous null). Performing MatchableHandlerMapping lookup. This is logged once only at WARN level, and every time at TRACE.
2026-06-07 11:04:16 - Pre-authenticated entry point called. Rejecting access
2026-06-07 11:04:16 - Securing HEAD /error
2026-06-07 11:04:16 - Secured HEAD /error
2026-06-07 11:04:16 - Set SecurityContextHolder to anonymous SecurityContext
2026-06-07 11:08:20 - Securing POST /api/auth/dev-login
2026-06-07 11:08:20 - 
    select
        u1_0.id,
        u1_0.created_at,
        u1_0.email,
        u1_0.last_login,
        u1_0.password_hash,
        u1_0.username 
    from
        users u1_0 
    where
        u1_0.username=?
Hibernate: 
    select
        u1_0.id,
        u1_0.created_at,
        u1_0.email,
        u1_0.last_login,
        u1_0.password_hash,
        u1_0.username 
    from
        users u1_0 
    where
        u1_0.username=?
2026-06-07 11:08:20 - 
    select
        up1_0.id,
        up1_0.break_duration_minutes,
        up1_0.dark_mode,
        up1_0.group_similar_tasks,
        up1_0.hours_before_break,
        up1_0.max_tasks_per_day,
        up1_0.notifications_enabled,
        up1_0.peak_productivity_time,
        up1_0.reminder_minutes_before,
        up1_0.theme_color,
        up1_0.user_id,
        u1_0.id,
        u1_0.created_at,
        u1_0.email,
        u1_0.last_login,
        u1_0.password_hash,
        u1_0.username,
        up1_0.workday_end,
        up1_0.workday_start 
    from
        user_preferences up1_0 
    join
        users u1_0 
            on u1_0.id=up1_0.user_id 
    where
        up1_0.user_id=?
Hibernate: 
    select
        up1_0.id,
        up1_0.break_duration_minutes,
        up1_0.dark_mode,
        up1_0.group_similar_tasks,
        up1_0.hours_before_break,
        up1_0.max_tasks_per_day,
        up1_0.notifications_enabled,
        up1_0.peak_productivity_time,
        up1_0.reminder_minutes_before,
        up1_0.theme_color,
        up1_0.user_id,
        u1_0.id,
        u1_0.created_at,
        u1_0.email,
        u1_0.last_login,
        u1_0.password_hash,
        u1_0.username,
        up1_0.workday_end,
        up1_0.workday_start 
    from
        user_preferences up1_0 
    join
        users u1_0 
            on u1_0.id=up1_0.user_id 
    where
        up1_0.user_id=?
2026-06-07 11:08:20 - Secured POST /api/auth/dev-login
2026-06-07 11:08:20 - 
    select
        u1_0.id,
        u1_0.created_at,
        u1_0.email,
        u1_0.last_login,
        u1_0.password_hash,
        u1_0.username 
    from
        users u1_0 
    where
        u1_0.username=?
Hibernate: 
    select
        u1_0.id,
        u1_0.created_at,
        u1_0.email,
        u1_0.last_login,
        u1_0.password_hash,
        u1_0.username 
    from
        users u1_0 
    where
        u1_0.username=?
2026-06-07 11:08:20 - 
    select
        up1_0.id,
        up1_0.break_duration_minutes,
        up1_0.dark_mode,
        up1_0.group_similar_tasks,
        up1_0.hours_before_break,
        up1_0.max_tasks_per_day,
        up1_0.notifications_enabled,
        up1_0.peak_productivity_time,
        up1_0.reminder_minutes_before,
        up1_0.theme_color,
        up1_0.user_id,
        u1_0.id,
        u1_0.created_at,
        u1_0.email,
        u1_0.last_login,
        u1_0.password_hash,
        u1_0.username,
        up1_0.workday_end,
        up1_0.workday_start 
    from
        user_preferences up1_0 
    join
        users u1_0 
            on u1_0.id=up1_0.user_id 
    where
        up1_0.user_id=?
Hibernate: 
    select
        up1_0.id,
        up1_0.break_duration_minutes,
        up1_0.dark_mode,
        up1_0.group_similar_tasks,
        up1_0.hours_before_break,
        up1_0.max_tasks_per_day,
        up1_0.notifications_enabled,
        up1_0.peak_productivity_time,
        up1_0.reminder_minutes_before,
        up1_0.theme_color,
        up1_0.user_id,
        u1_0.id,
        u1_0.created_at,
        u1_0.email,
        u1_0.last_login,
        u1_0.password_hash,
        u1_0.username,
        up1_0.workday_end,
        up1_0.workday_start 
    from
        user_preferences up1_0 
    join
        users u1_0 
            on u1_0.id=up1_0.user_id 
    where
        up1_0.user_id=?
2026-06-07 11:08:20 - 
    update
        users 
    set
        created_at=?,
        email=?,
        last_login=?,
        password_hash=?,
        username=? 
    where
        id=?
Hibernate: 
    update
        users 
    set
        created_at=?,
        email=?,
        last_login=?,
        password_hash=?,
        username=? 
    where
        id=?
2026-06-07 11:08:21 - Securing GET /api/tasks
2026-06-07 11:08:21 - 
    select
        u1_0.id,
        u1_0.created_at,
        u1_0.email,
        u1_0.last_login,
        u1_0.password_hash,
        u1_0.username 
    from
        users u1_0 
    where
        u1_0.username=?
Hibernate: 
    select
        u1_0.id,
        u1_0.created_at,
        u1_0.email,
        u1_0.last_login,
        u1_0.password_hash,
        u1_0.username 
    from
        users u1_0 
    where
        u1_0.username=?
2026-06-07 11:08:21 - 
    select
        up1_0.id,
        up1_0.break_duration_minutes,
        up1_0.dark_mode,
        up1_0.group_similar_tasks,
        up1_0.hours_before_break,
        up1_0.max_tasks_per_day,
        up1_0.notifications_enabled,
        up1_0.peak_productivity_time,
        up1_0.reminder_minutes_before,
        up1_0.theme_color,
        up1_0.user_id,
        u1_0.id,
        u1_0.created_at,
        u1_0.email,
        u1_0.last_login,
        u1_0.password_hash,
        u1_0.username,
        up1_0.workday_end,
        up1_0.workday_start 
    from
        user_preferences up1_0 
    join
        users u1_0 
            on u1_0.id=up1_0.user_id 
    where
        up1_0.user_id=?
Hibernate: 
    select
        up1_0.id,
        up1_0.break_duration_minutes,
        up1_0.dark_mode,
        up1_0.group_similar_tasks,
        up1_0.hours_before_break,
        up1_0.max_tasks_per_day,
        up1_0.notifications_enabled,
        up1_0.peak_productivity_time,
        up1_0.reminder_minutes_before,
        up1_0.theme_color,
        up1_0.user_id,
        u1_0.id,
        u1_0.created_at,
        u1_0.email,
        u1_0.last_login,
        u1_0.password_hash,
        u1_0.username,
        up1_0.workday_end,
        up1_0.workday_start 
    from
        user_preferences up1_0 
    join
        users u1_0 
            on u1_0.id=up1_0.user_id 
    where
        up1_0.user_id=?
2026-06-07 11:08:21 - Secured GET /api/tasks
2026-06-07 11:08:21 - 
    select
        t1_0.id,
        t1_0.category,
        t1_0.completed_at,
        t1_0.created_at,
        t1_0.deadline,
        t1_0.description,
        t1_0.estimated_duration_minutes,
        t1_0.priority,
        t1_0.project_id,
        t1_0.scheduled_end_time,
        t1_0.scheduled_start_time,
        t1_0.space_type,
        t1_0.status,
        t1_0.title,
        t1_0.updated_at,
        t1_0.user_id 
    from
        tasks t1_0 
    where
        t1_0.user_id=?
Hibernate: 
    select
        t1_0.id,
        t1_0.category,
        t1_0.completed_at,
        t1_0.created_at,
        t1_0.deadline,
        t1_0.description,
        t1_0.estimated_duration_minutes,
        t1_0.priority,
        t1_0.project_id,
        t1_0.scheduled_end_time,
        t1_0.scheduled_start_time,
        t1_0.space_type,
        t1_0.status,
        t1_0.title,
        t1_0.updated_at,
        t1_0.user_id 
    from
        tasks t1_0 
    where
        t1_0.user_id=?
2026-06-07 11:08:21 - Securing GET /api/calendar/events?startDate=2026-06-01T00:00:00.000&endDate=2026-06-30T23:59:59.000
2026-06-07 11:08:21 - 
    select
        u1_0.id,
        u1_0.created_at,
        u1_0.email,
        u1_0.last_login,
        u1_0.password_hash,
        u1_0.username 
    from
        users u1_0 
    where
        u1_0.username=?
Hibernate: 
    select
        u1_0.id,
        u1_0.created_at,
        u1_0.email,
        u1_0.last_login,
        u1_0.password_hash,
        u1_0.username 
    from
        users u1_0 
    where
        u1_0.username=?
2026-06-07 11:08:21 - 
    select
        up1_0.id,
        up1_0.break_duration_minutes,
        up1_0.dark_mode,
        up1_0.group_similar_tasks,
        up1_0.hours_before_break,
        up1_0.max_tasks_per_day,
        up1_0.notifications_enabled,
        up1_0.peak_productivity_time,
        up1_0.reminder_minutes_before,
        up1_0.theme_color,
        up1_0.user_id,
        u1_0.id,
        u1_0.created_at,
        u1_0.email,
        u1_0.last_login,
        u1_0.password_hash,
        u1_0.username,
        up1_0.workday_end,
        up1_0.workday_start 
    from
        user_preferences up1_0 
    join
        users u1_0 
            on u1_0.id=up1_0.user_id 
    where
        up1_0.user_id=?
Hibernate: 
    select
        up1_0.id,
        up1_0.break_duration_minutes,
        up1_0.dark_mode,
        up1_0.group_similar_tasks,
        up1_0.hours_before_break,
        up1_0.max_tasks_per_day,
        up1_0.notifications_enabled,
        up1_0.peak_productivity_time,
        up1_0.reminder_minutes_before,
        up1_0.theme_color,
        up1_0.user_id,
        u1_0.id,
        u1_0.created_at,
        u1_0.email,
        u1_0.last_login,
        u1_0.password_hash,
        u1_0.username,
        up1_0.workday_end,
        up1_0.workday_start 
    from
        user_preferences up1_0 
    join
        users u1_0 
            on u1_0.id=up1_0.user_id 
    where
        up1_0.user_id=?
2026-06-07 11:08:21 - Secured GET /api/calendar/events?startDate=2026-06-01T00:00:00.000&endDate=2026-06-30T23:59:59.000
2026-06-07 11:08:21 - 
    select
        ce1_0.id,
        ce1_0.color,
        ce1_0.created_at,
        ce1_0.description,
        ce1_0.end_time,
        ce1_0.event_type,
        ce1_0.is_fixed,
        ce1_0.location,
        ce1_0.notes,
        ce1_0.related_habit_id,
        ce1_0.related_task_id,
        ce1_0.related_workout_id,
        ce1_0.start_time,
        ce1_0.title,
        ce1_0.updated_at,
        ce1_0.user_id 
    from
        calendar_events ce1_0 
    where
        ce1_0.user_id=? 
        and ce1_0.start_time between ? and ?
Hibernate: 
    select
        ce1_0.id,
        ce1_0.color,
        ce1_0.created_at,
        ce1_0.description,
        ce1_0.end_time,
        ce1_0.event_type,
        ce1_0.is_fixed,
        ce1_0.location,
        ce1_0.notes,
        ce1_0.related_habit_id,
        ce1_0.related_task_id,
        ce1_0.related_workout_id,
        ce1_0.start_time,
        ce1_0.title,
        ce1_0.updated_at,
        ce1_0.user_id 
    from
        calendar_events ce1_0 
    where
        ce1_0.user_id=? 
        and ce1_0.start_time between ? and ?
2026-06-07 11:08:22 - Securing GET /api/calendar/events?startDate=2026-06-01T00:00:00.000&endDate=2026-06-30T23:59:59.000
2026-06-07 11:08:22 - 
    select
        u1_0.id,
        u1_0.created_at,
        u1_0.email,
        u1_0.last_login,
        u1_0.password_hash,
        u1_0.username 
    from
        users u1_0 
    where
        u1_0.username=?
Hibernate: 
    select
        u1_0.id,
        u1_0.created_at,
        u1_0.email,
        u1_0.last_login,
        u1_0.password_hash,
        u1_0.username 
    from
        users u1_0 
    where
        u1_0.username=?
2026-06-07 11:08:22 - 
    select
        up1_0.id,
        up1_0.break_duration_minutes,
        up1_0.dark_mode,
        up1_0.group_similar_tasks,
        up1_0.hours_before_break,
        up1_0.max_tasks_per_day,
        up1_0.notifications_enabled,
        up1_0.peak_productivity_time,
        up1_0.reminder_minutes_before,
        up1_0.theme_color,
        up1_0.user_id,
        u1_0.id,
        u1_0.created_at,
        u1_0.email,
        u1_0.last_login,
        u1_0.password_hash,
        u1_0.username,
        up1_0.workday_end,
        up1_0.workday_start 
    from
        user_preferences up1_0 
    join
        users u1_0 
            on u1_0.id=up1_0.user_id 
    where
        up1_0.user_id=?
Hibernate: 
    select
        up1_0.id,
        up1_0.break_duration_minutes,
        up1_0.dark_mode,
        up1_0.group_similar_tasks,
        up1_0.hours_before_break,
        up1_0.max_tasks_per_day,
        up1_0.notifications_enabled,
        up1_0.peak_productivity_time,
        up1_0.reminder_minutes_before,
        up1_0.theme_color,
        up1_0.user_id,
        u1_0.id,
        u1_0.created_at,
        u1_0.email,
        u1_0.last_login,
        u1_0.password_hash,
        u1_0.username,
        up1_0.workday_end,
        up1_0.workday_start 
    from
        user_preferences up1_0 
    join
        users u1_0 
            on u1_0.id=up1_0.user_id 
    where
        up1_0.user_id=?
2026-06-07 11:08:22 - Secured GET /api/calendar/events?startDate=2026-06-01T00:00:00.000&endDate=2026-06-30T23:59:59.000
2026-06-07 11:08:22 - 
    select
        ce1_0.id,
        ce1_0.color,
        ce1_0.created_at,
        ce1_0.description,
        ce1_0.end_time,
        ce1_0.event_type,
        ce1_0.is_fixed,
        ce1_0.location,
        ce1_0.notes,
        ce1_0.related_habit_id,
        ce1_0.related_task_id,
        ce1_0.related_workout_id,
        ce1_0.start_time,
        ce1_0.title,
        ce1_0.updated_at,
        ce1_0.user_id 
    from
        calendar_events ce1_0 
    where
        ce1_0.user_id=? 
        and ce1_0.start_time between ? and ?
Hibernate: 
    select
        ce1_0.id,
        ce1_0.color,
        ce1_0.created_at,
        ce1_0.description,
        ce1_0.end_time,
        ce1_0.event_type,
        ce1_0.is_fixed,
        ce1_0.location,
        ce1_0.notes,
        ce1_0.related_habit_id,
        ce1_0.related_task_id,
        ce1_0.related_workout_id,
        ce1_0.start_time,
        ce1_0.title,
        ce1_0.updated_at,
        ce1_0.user_id 
    from
        calendar_events ce1_0 
    where
        ce1_0.user_id=? 
        and ce1_0.start_time between ? and ?
assword_hash,
        u1_0.username 
    from
        users u1_0 
    where
        u1_0.username=?
2026-06-07 11:08:20 [http-nio-8080-exec-2] DEBUG org.hibernate.SQL - 
    select
        up1_0.id,
        up1_0.break_duration_minutes,
        up1_0.dark_mode,
        up1_0.group_similar_tasks,
        up1_0.hours_before_break,
        up1_0.max_tasks_per_day,
        up1_0.notifications_enabled,
        up1_0.peak_productivity_time,
        up1_0.reminder_minutes_before,
        up1_0.theme_color,
        up1_0.user_id,
        u1_0.id,
        u1_0.created_at,
        u1_0.email,
        u1_0.last_login,
        u1_0.password_hash,
        u1_0.username,
        up1_0.workday_end,
        up1_0.workday_start 
    from
        user_preferences up1_0 
    join
        users u1_0 
            on u1_0.id=up1_0.user_id 
    where
        up1_0.user_id=?
2026-06-07 11:08:20 [http-nio-8080-exec-2] DEBUG org.hibernate.SQL - 
    update
        users 
    set
        created_at=?,
        email=?,
        last_login=?,
        password_hash=?,
        username=? 
    where
        id=?
2026-06-07 11:08:21 [http-nio-8080-exec-3] DEBUG o.s.security.web.FilterChainProxy - Securing GET /api/tasks
2026-06-07 11:08:21 [http-nio-8080-exec-3] DEBUG org.hibernate.SQL - 
    select
        u1_0.id,
        u1_0.created_at,
        u1_0.email,
        u1_0.last_login,
        u1_0.password_hash,
        u1_0.username 
    from
        users u1_0 
    where
        u1_0.username=?
2026-06-07 11:08:21 [http-nio-8080-exec-3] DEBUG org.hibernate.SQL - 
    select
        up1_0.id,
        up1_0.break_duration_minutes,
        up1_0.dark_mode,
        up1_0.group_similar_tasks,
        up1_0.hours_before_break,
        up1_0.max_tasks_per_day,
        up1_0.notifications_enabled,
        up1_0.peak_productivity_time,
        up1_0.reminder_minutes_before,
        up1_0.theme_color,
        up1_0.user_id,
        u1_0.id,
        u1_0.created_at,
        u1_0.email,
        u1_0.last_login,
        u1_0.password_hash,
        u1_0.username,
        up1_0.workday_end,
        up1_0.workday_start 
    from
        user_preferences up1_0 
    join
        users u1_0 
            on u1_0.id=up1_0.user_id 
    where
        up1_0.user_id=?
2026-06-07 11:08:21 [http-nio-8080-exec-3] DEBUG o.s.security.web.FilterChainProxy - Secured GET /api/tasks
2026-06-07 11:08:21 [http-nio-8080-exec-3] DEBUG org.hibernate.SQL - 
    select
        t1_0.id,
        t1_0.category,
        t1_0.completed_at,
        t1_0.created_at,
        t1_0.deadline,
        t1_0.description,
        t1_0.estimated_duration_minutes,
        t1_0.priority,
        t1_0.project_id,
        t1_0.scheduled_end_time,
        t1_0.scheduled_start_time,
        t1_0.space_type,
        t1_0.status,
        t1_0.title,
        t1_0.updated_at,
        t1_0.user_id 
    from
        tasks t1_0 
    where
        t1_0.user_id=?
2026-06-07 11:08:21 [http-nio-8080-exec-4] DEBUG o.s.security.web.FilterChainProxy - Securing GET /api/calendar/events?startDate=2026-06-01T00:00:00.000&endDate=2026-06-30T23:59:59.000
2026-06-07 11:08:21 [http-nio-8080-exec-4] DEBUG org.hibernate.SQL - 
    select
        u1_0.id,
        u1_0.created_at,
        u1_0.email,
        u1_0.last_login,
        u1_0.password_hash,
        u1_0.username 
    from
        users u1_0 
    where
        u1_0.username=?
2026-06-07 11:08:21 [http-nio-8080-exec-4] DEBUG org.hibernate.SQL - 
    select
        up1_0.id,
        up1_0.break_duration_minutes,
        up1_0.dark_mode,
        up1_0.group_similar_tasks,
        up1_0.hours_before_break,
        up1_0.max_tasks_per_day,
        up1_0.notifications_enabled,
        up1_0.peak_productivity_time,
        up1_0.reminder_minutes_before,
        up1_0.theme_color,
        up1_0.user_id,
        u1_0.id,
        u1_0.created_at,
        u1_0.email,
        u1_0.last_login,
        u1_0.password_hash,
        u1_0.username,
        up1_0.workday_end,
        up1_0.workday_start 
    from
        user_preferences up1_0 
    join
        users u1_0 
            on u1_0.id=up1_0.user_id 
    where
        up1_0.user_id=?
2026-06-07 11:08:21 [http-nio-8080-exec-4] DEBUG o.s.security.web.FilterChainProxy - Secured GET /api/calendar/events?startDate=2026-06-01T00:00:00.000&endDate=2026-06-30T23:59:59.000
2026-06-07 11:08:21 [http-nio-8080-exec-4] DEBUG org.hibernate.SQL - 
    select
        ce1_0.id,
        ce1_0.color,
        ce1_0.created_at,
        ce1_0.description,
        ce1_0.end_time,
        ce1_0.event_type,
        ce1_0.is_fixed,
        ce1_0.location,
        ce1_0.notes,
        ce1_0.related_habit_id,
        ce1_0.related_task_id,
        ce1_0.related_workout_id,
        ce1_0.start_time,
        ce1_0.title,
        ce1_0.updated_at,
        ce1_0.user_id 
    from
        calendar_events ce1_0 
    where
        ce1_0.user_id=? 
        and ce1_0.start_time between ? and ?
2026-06-07 11:08:22 [http-nio-8080-exec-5] DEBUG o.s.security.web.FilterChainProxy - Securing GET /api/calendar/events?startDate=2026-06-01T00:00:00.000&endDate=2026-06-30T23:59:59.000
2026-06-07 11:08:22 [http-nio-8080-exec-5] DEBUG org.hibernate.SQL - 
    select
        u1_0.id,
        u1_0.created_at,
        u1_0.email,
        u1_0.last_login,
        u1_0.password_hash,
        u1_0.username 
    from
        users u1_0 
    where
        u1_0.username=?
2026-06-07 11:08:22 [http-nio-8080-exec-5] DEBUG org.hibernate.SQL - 
    select
        up1_0.id,
        up1_0.break_duration_minutes,
        up1_0.dark_mode,
        up1_0.group_similar_tasks,
        up1_0.hours_before_break,
        up1_0.max_tasks_per_day,
        up1_0.notifications_enabled,
        up1_0.peak_productivity_time,
        up1_0.reminder_minutes_before,
        up1_0.theme_color,
        up1_0.user_id,
        u1_0.id,
        u1_0.created_at,
        u1_0.email,
        u1_0.last_login,
        u1_0.password_hash,
        u1_0.username,
        up1_0.workday_end,
        up1_0.workday_start 
    from
        user_preferences up1_0 
    join
        users u1_0 
            on u1_0.id=up1_0.user_id 
    where
        up1_0.user_id=?
2026-06-07 11:08:22 [http-nio-8080-exec-5] DEBUG o.s.security.web.FilterChainProxy - Secured GET /api/calendar/events?startDate=2026-06-01T00:00:00.000&endDate=2026-06-30T23:59:59.000
2026-06-07 11:08:22 [http-nio-8080-exec-5] DEBUG org.hibernate.SQL - 
    select
        ce1_0.id,
        ce1_0.color,
        ce1_0.created_at,
        ce1_0.description,
        ce1_0.end_time,
        ce1_0.event_type,
        ce1_0.is_fixed,
        ce1_0.location,
        ce1_0.notes,
        ce1_0.related_habit_id,
        ce1_0.related_task_id,
        ce1_0.related_workout_id,
        ce1_0.start_time,
        ce1_0.title,
        ce1_0.updated_at,
        ce1_0.user_id 
    from
        calendar_events ce1_0 
    where
        ce1_0.user_id=? 
        and ce1_0.start_time between ? and ?
